// Vitest Snapshot v1

exports[`[PrivateKeys][Util] getFormattedPrivateKey > validate keys 1`] = `"{\\"uint8Array\\":{\\"0\\":132,\\"1\\":205,\\"2\\":117,\\"3\\":44,\\"4\\":180,\\"5\\":113,\\"6\\":245,\\"7\\":200,\\"8\\":213,\\"9\\":19,\\"10\\":97,\\"11\\":187,\\"12\\":70,\\"13\\":157,\\"14\\":86,\\"15\\":111,\\"16\\":19,\\"17\\":131,\\"18\\":14,\\"19\\":18,\\"20\\":196,\\"21\\":57,\\"22\\":9,\\"23\\":203,\\"24\\":64,\\"25\\":196,\\"26\\":19,\\"27\\":26,\\"28\\":73,\\"29\\":35,\\"30\\":126,\\"31\\":80},\\"array\\":[132,205,117,44,180,113,245,200,213,19,97,187,70,157,86,111,19,131,14,18,196,57,9,203,64,196,19,26,73,35,126,80],\\"hex\\":\\"84cd752cb471f5c8d51361bb469d566f13830e12c43909cb40c4131a49237e50\\",\\"wifMainnet\\":\\"L1frw5wWqWoj4uKVEgfxYHhTeBqxfyj7yV6dAvu9Yhjo816Es5PS\\",\\"wifMainnetUncompressed\\":\\"5JpmqxVfUkujA3LbVUZqqKjhUTUQVKHnzCob2Lv3qsTv3Vwc6fX\\",\\"wifTestnet\\":\\"cS2rPzwNGaVzELnkd6V5ucCXGR9NLRpp3XF6HMMf3pPoNk79beKj\\",\\"wifTestnetUncompressed\\":\\"92bQRhKD4yys86qt7pTkhvHf87q7eUpzL9fY6yGZBcCxpZPvMn5\\"}"`;

exports[`[PrivateKeys][Util] getFormattedPrivateKey > validate keys 2`] = `"{\\"uint8Array\\":{\\"0\\":133,\\"1\\":205,\\"2\\":117,\\"3\\":44,\\"4\\":180,\\"5\\":113,\\"6\\":245,\\"7\\":200,\\"8\\":213,\\"9\\":19,\\"10\\":97,\\"11\\":187,\\"12\\":70,\\"13\\":157,\\"14\\":86,\\"15\\":111,\\"16\\":19,\\"17\\":131,\\"18\\":14,\\"19\\":18,\\"20\\":196,\\"21\\":57,\\"22\\":9,\\"23\\":203,\\"24\\":64,\\"25\\":196,\\"26\\":19,\\"27\\":26,\\"28\\":73,\\"29\\":35,\\"30\\":126,\\"31\\":80},\\"array\\":[133,205,117,44,180,113,245,200,213,19,97,187,70,157,86,111,19,131,14,18,196,57,9,203,64,196,19,26,73,35,126,80],\\"hex\\":\\"85cd752cb471f5c8d51361bb469d566f13830e12c43909cb40c4131a49237e50\\",\\"wifMainnet\\":\\"L1hogGAxsNEQJ394wbFaYF24R6xaPdRxrGjhHB3qShPoWVg4XUCk\\",\\"wifMainnetUncompressed\\":\\"5JqDPVMqTN87dwQaX3Ki8XpNAYFrhvZquQ3spAXYpWYSwoT78oT\\",\\"wifTestnet\\":\\"cS4o9BApJRvfTUcLL14huZX83LFz45XevJtAPbWLwp3omEnmXVXU\\",\\"wifTestnetUncompressed\\":\\"92bqyEBP3bCFbzus9PDd18NKpCcZs673FLuptnt4AFHViqoxxEx\\"}"`;
